// Jest Snapshot v1, https://goo.gl/fbAQLP

exports[`fisrt snap shot test 1`] = `
<div
  id="quote"
>
  <p>
    Mathematics is the language in which God has written the universe.
  </p>
  <cite>
    - Galileo Galilei
  </cite>
</div>
`;
